[
 {
  "Id": "eipalloc-00d8dc77a6d6bd923",
  "Type": "aws_eip",
  "Attrs": {
   "associate_with_private_ip": "10.0.0.11",
   "association_id": "",
   "customer_owned_ip": "",
   "customer_owned_ipv4_pool": "",
   "domain": "vpc",
   "id": "eipalloc-00d8dc77a6d6bd923",
   "instance": "",
   "network_interface": "",
   "private_ip": "",
   "public_dns": "ec2-15-237-76-220.eu-west-3.compute.amazonaws.com",
   "public_ip": "15.237.76.220",
   "public_ipv4_pool": "amazon",
   "vpc": true
  }
 }
]