[
 {
  "Id": "sgrule-2471889226",
  "Type": "aws_security_group_rule",
  "Attrs": {
   "description": "Baz 2",
   "from_port": 0,
   "id": "sgrule-2471889226",
   "prefix_list_ids": [
    "pl-abb451c2"
   ],
   "protocol": "tcp",
   "security_group_id": "sg-0254c038e32f25530",
   "self": false,
   "to_port": 0,
   "type": "ingress"
  }
 },
 {
  "Id": "sgrule-3266388606",
  "Type": "aws_security_group_rule",
  "Attrs": {
   "description": "Bla 1",
   "from_port": 0,
   "id": "sgrule-3266388606",
   "ipv6_cidr_blocks": [
    "::/0"
   ],
   "protocol": "-1",
   "security_group_id": "sg-0d290f68e48de546b",
   "self": false,
   "to_port": 0,
   "type": "ingress"
  }
 },
 {
  "Id": "sgrule-929398029",
  "Type": "aws_security_group_rule",
  "Attrs": {
   "cidr_blocks": [
    "0.0.0.0/0"
   ],
   "description": "Bar 1",
   "from_port": 0,
   "id": "sgrule-929398029",
   "ipv6_cidr_blocks": [
    "::/0"
   ],
   "protocol": "-1",
   "security_group_id": "sg-0254c038e32f25530",
   "self": false,
   "to_port": 0,
   "type": "egress"
  }
 },
 {
  "Id": "sgrule-3970541193",
  "Type": "aws_security_group_rule",
  "Attrs": {
   "description": "Test 1",
   "from_port": 0,
   "id": "sgrule-3970541193",
   "protocol": "tcp",
   "security_group_id": "sg-0254c038e32f25530",
   "self": true,
   "source_security_group_id": "sg-0254c038e32f25530",
   "to_port": 65535,
   "type": "ingress"
  }
 },
 {
  "Id": "sgrule-1872529830",
  "Type": "aws_security_group_rule",
  "Attrs": {
   "from_port": 0,
   "id": "sgrule-1872529830",
   "protocol": "icmp",
   "security_group_id": "sg-0254c038e32f25530",
   "self": true,
   "source_security_group_id": "sg-0254c038e32f25530",
   "to_port": 0,
   "type": "ingress"
  }
 },
 {
  "Id": "sgrule-845917806",
  "Type": "aws_security_group_rule",
  "Attrs": {
   "cidr_blocks": [
    "0.0.0.0/0"
   ],
   "description": "Bar Full Open",
   "from_port": 0,
   "id": "sgrule-845917806",
   "ipv6_cidr_blocks": [
    "::/0"
   ],
   "protocol": "-1",
   "security_group_id": "sg-0cc8b3c3c2851705a",
   "self": false,
   "to_port": 0,
   "type": "egress"
  }
 },
 {
  "Id": "sgrule-2990167998",
  "Type": "aws_security_group_rule",
  "Attrs": {
   "cidr_blocks": [
    "0.0.0.0/0"
   ],
   "description": "Bar Full Open",
   "from_port": 0,
   "id": "sgrule-2990167998",
   "ipv6_cidr_blocks": [
    "::/0"
   ],
   "protocol": "-1",
   "security_group_id": "sg-06910b842af0d3a8f",
   "self": false,
   "to_port": 0,
   "type": "egress"
  }
 },
 {
  "Id": "sgrule-3602495974",
  "Type": "aws_security_group_rule",
  "Attrs": {
   "cidr_blocks": [
    "0.0.0.0/0"
   ],
   "description": "Foo 1",
   "from_port": 0,
   "id": "sgrule-3602495974",
   "protocol": "-1",
   "security_group_id": "sg-0254c038e32f25530",
   "self": false,
   "to_port": 0,
   "type": "ingress"
  }
 },
 {
  "Id": "sgrule-850043874",
  "Type": "aws_security_group_rule",
  "Attrs": {
   "cidr_blocks": [
    "0.0.0.0/0"
   ],
   "description": "Stream",
   "id": "sgrule-850043874",
   "protocol": "5",
   "security_group_id": "sg-0cc8b3c3c2851705a",
   "self": false,
   "type": "egress"
  }
 },
 {
  "Id": "sgrule-294318973",
  "Type": "aws_security_group_rule",
  "Attrs": {
   "cidr_blocks": [
    "1.2.0.0/16",
    "5.6.7.0/24"
   ],
   "description": "Foo 5",
   "from_port": 0,
   "id": "sgrule-294318973",
   "protocol": "-1",
   "security_group_id": "sg-0254c038e32f25530",
   "self": false,
   "to_port": 0,
   "type": "ingress"
  }
 },
 {
  "Id": "sgrule-752281532",
  "Type": "aws_security_group_rule",
  "Attrs": {
   "cidr_blocks": [
    "0.0.0.0/0"
   ],
   "description": "Bar Full Open",
   "from_port": 0,
   "id": "sgrule-752281532",
   "protocol": "tcp",
   "security_group_id": "sg-0d290f68e48de546b",
   "self": false,
   "to_port": 0,
   "type": "egress"
  }
 }
]