[
 {
  "Id": "test_role_0:policy-role0-0",
  "Type": "aws_iam_role_policy",
  "Attrs": {
   "id": "test_role_0:policy-role0-0",
   "name": "policy-role0-0",
   "policy": "{\n    \"Version\": \"2012-10-17\",\n    \"Statement\": [\n        {\n            \"Sid\": \"VisualEditor0\",\n            \"Effect\": \"Allow\",\n            \"Action\": \"account:*\",\n            \"Resource\": \"*\"\n        }\n    ]\n}\n",
   "role": "test_role_0"
  }
 },
 {
  "Id": "test_role_0:policy-role0-1",
  "Type": "aws_iam_role_policy",
  "Attrs": {
   "id": "test_role_0:policy-role0-1",
   "name": "policy-role0-1",
   "policy": "{\n    \"Version\": \"2012-10-17\",\n    \"Statement\": [\n        {\n            \"Sid\": \"VisualEditor0\",\n            \"Effect\": \"Allow\",\n            \"Action\": \"account:*\",\n            \"Resource\": \"*\"\n        }\n    ]\n}\n",
   "role": "test_role_0"
  }
 },
 {
  "Id": "test_role_0:policy-role0-2",
  "Type": "aws_iam_role_policy",
  "Attrs": {
   "id": "test_role_0:policy-role0-2",
   "name": "policy-role0-2",
   "policy": "{\n    \"Version\": \"2012-10-17\",\n    \"Statement\": [\n        {\n            \"Sid\": \"VisualEditor0\",\n            \"Effect\": \"Allow\",\n            \"Action\": \"account:*\",\n            \"Resource\": \"*\"\n        }\n    ]\n}\n",
   "role": "test_role_0"
  }
 },
 {
  "Id": "test_role_1:policy-role1-0",
  "Type": "aws_iam_role_policy",
  "Attrs": {
   "id": "test_role_1:policy-role1-0",
   "name": "policy-role1-0",
   "policy": "{\n    \"Version\": \"2012-10-17\",\n    \"Statement\": [\n        {\n            \"Sid\": \"VisualEditor0\",\n            \"Effect\": \"Allow\",\n            \"Action\": \"account:*\",\n            \"Resource\": \"*\"\n        }\n    ]\n}\n",
   "role": "test_role_1"
  }
 },
 {
  "Id": "test_role_1:policy-role1-1",
  "Type": "aws_iam_role_policy",
  "Attrs": {
   "id": "test_role_1:policy-role1-1",
   "name": "policy-role1-1",
   "policy": "{\n    \"Version\": \"2012-10-17\",\n    \"Statement\": [\n        {\n            \"Sid\": \"VisualEditor0\",\n            \"Effect\": \"Allow\",\n            \"Action\": \"account:*\",\n            \"Resource\": \"*\"\n        }\n    ]\n}\n",
   "role": "test_role_1"
  }
 },
 {
  "Id": "test_role_1:policy-role1-2",
  "Type": "aws_iam_role_policy",
  "Attrs": {
   "id": "test_role_1:policy-role1-2",
   "name": "policy-role1-2",
   "policy": "{\n    \"Version\": \"2012-10-17\",\n    \"Statement\": [\n        {\n            \"Sid\": \"VisualEditor0\",\n            \"Effect\": \"Allow\",\n            \"Action\": \"account:*\",\n            \"Resource\": \"*\"\n        }\n    ]\n}\n",
   "role": "test_role_1"
  }
 }
]