[
 {
  "Id": "eipassoc-05d9c19732254e578",
  "Type": "aws_eip_association",
  "Attrs": {
   "allocation_id": "eipalloc-017d5267e4dda73f1",
   "id": "eipassoc-05d9c19732254e578",
   "instance_id": "i-0d3650a23f4e45dc0",
   "network_interface_id": "eni-0f35ce5577bbab251",
   "private_ip_address": "172.31.22.12",
   "public_ip": "35.180.239.105"
  }
 }
]