[
 {
  "Id": "ami-06668cf793e254604",
  "Type": "aws_ami",
  "Attrs": {
   "architecture": "x86_64",
   "arn": "arn:aws:ec2:eu-west-3::image/ami-06668cf793e254604",
   "description": "",
   "ebs_block_device": [
    {
     "delete_on_termination": true,
     "device_name": "/dev/xvda",
     "encrypted": false,
     "iops": 0,
     "snapshot_id": "snap-00672558cecd93a61",
     "volume_size": 8,
     "volume_type": "gp2"
    }
   ],
   "ena_support": true,
   "id": "ami-06668cf793e254604",
   "image_location": "047081014315/Test",
   "kernel_id": "",
   "name": "Test",
   "ramdisk_id": "",
   "root_device_name": "/dev/xvda",
   "root_snapshot_id": "snap-00672558cecd93a61",
   "sriov_net_support": "simple",
   "virtualization_type": "hvm"
  }
 }
]