[
 {
  "Id": "rtb-9642cde8",
  "Type": "aws_default_route_table",
  "Attrs": {
   "default_route_table_id": "rtb-9642cde8",
   "id": "rtb-9642cde8",
   "owner_id": "929327065333",
   "vpc_id": "vpc-41d1d13b"
  }
 },
 {
  "Id": "rtb-0232602f0f07748fc",
  "Type": "aws_route_table",
  "Attrs": {
   "id": "rtb-0232602f0f07748fc",
   "owner_id": "929327065333",
   "route": [
    {
     "cidr_block": "",
     "egress_only_gateway_id": "",
     "gateway_id": "igw-07b7844a8fd17a638",
     "instance_id": "",
     "ipv6_cidr_block": "::/0",
     "local_gateway_id": "",
     "nat_gateway_id": "",
     "network_interface_id": "",
     "transit_gateway_id": "",
     "vpc_endpoint_id": "",
     "vpc_peering_connection_id": ""
    },
    {
     "cidr_block": "1.1.1.1/32",
     "egress_only_gateway_id": "",
     "gateway_id": "igw-07b7844a8fd17a638",
     "instance_id": "",
     "ipv6_cidr_block": "",
     "local_gateway_id": "",
     "nat_gateway_id": "",
     "network_interface_id": "",
     "transit_gateway_id": "",
     "vpc_endpoint_id": "",
     "vpc_peering_connection_id": ""
    }
   ],
   "tags": {
    "Name": "rr"
   },
   "vpc_id": "vpc-0a5666c0cfc366714"
  }
 }
]