[
 {
  "Id": "sg-0254c038e32f25530",
  "Type": "aws_security_group",
  "Attrs": {
   "arn": "arn:aws:ec2:eu-west-3:047081014315:security-group/sg-0254c038e32f25530",
   "description": "Managed by Terraform",
   "id": "sg-0254c038e32f25530",
   "name": "foo",
   "name_prefix": "",
   "owner_id": "047081014315",
   "tags": {
    "Name": "Foo SG"
   },
   "vpc_id": "vpc-618f6e09"
  }
 },
 {
  "Id": "sg-9e0204ff",
  "Type": "aws_default_security_group",
  "Attrs": {
   "arn": "arn:aws:ec2:eu-west-3:047081014315:security-group/sg-9e0204ff",
   "description": "default VPC security group",
   "id": "sg-9e0204ff",
   "name": "default",
   "owner_id": "047081014315",
   "tags": {
    "Name": "DEFAULT"
   },
   "vpc_id": "vpc-618f6e09"
  }
 }
]