[
 {
  "Id": "Z1035360GLIB82T1EH2G",
  "Type": "aws_route53_zone",
  "Attrs": {
   "comment": "Managed by Terraform",
   "delegation_set_id": "",
   "id": "Z1035360GLIB82T1EH2G",
   "name": "foo-0.com",
   "name_servers": [
    "ns-1441.awsdns-52.org",
    "ns-1595.awsdns-07.co.uk",
    "ns-332.awsdns-41.com",
    "ns-885.awsdns-46.net"
   ],
   "zone_id": "Z1035360GLIB82T1EH2G"
  }
 },
 {
  "Id": "Z10347383HV75H96J919W",
  "Type": "aws_route53_zone",
  "Attrs": {
   "comment": "Managed by Terraform",
   "delegation_set_id": "",
   "id": "Z10347383HV75H96J919W",
   "name": "foo-1.com",
   "name_servers": [
    "ns-1065.awsdns-05.org",
    "ns-1882.awsdns-43.co.uk",
    "ns-449.awsdns-56.com",
    "ns-921.awsdns-51.net"
   ],
   "zone_id": "Z10347383HV75H96J919W"
  }
 },
 {
  "Id": "Z1035360GLIB82T1EH2G_foo-0.com_NS",
  "Type": "aws_route53_record",
  "Attrs": {
   "fqdn": "foo-0.com",
   "id": "Z1035360GLIB82T1EH2G_foo-0.com_NS",
   "records": [
    "ns-1295.awsdns-33.org.",
    "ns-1843.awsdns-38.co.uk.",
    "ns-228.awsdns-28.demo.",
    "ns-873.awsdns-45.net."
   ],
   "ttl": 172800,
   "type": "NS",
   "zone_id": "Z1035360GLIB82T1EH2G"
  }
 },
 {
  "Id": "Z1035360GLIB82T1EH2G_test0_A",
  "Type": "aws_route53_record",
  "Attrs": {
   "fqdn": "test0.foo-0.com",
   "id": "Z1035360GLIB82T1EH2G_test0_A",
   "records": [
    "1.2.3.4"
   ],
   "ttl": 300,
   "type": "A",
   "zone_id": "Z1035360GLIB82T1EH2G"
  }
 },
 {
  "Id": "Z1035360GLIB82T1EH2G_test1_A",
  "Type": "aws_route53_record",
  "Attrs": {
   "fqdn": "test1.foo-0.com",
   "id": "Z1035360GLIB82T1EH2G_test1_A",
   "records": [
    "1.2.3.4"
   ],
   "ttl": 300,
   "type": "A",
   "zone_id": "Z1035360GLIB82T1EH2G"
  }
 },
 {
  "Id": "Z1035360GLIB82T1EH2G_test2_A",
  "Type": "aws_route53_record",
  "Attrs": {
   "fqdn": "test2.foo-0.com",
   "id": "Z1035360GLIB82T1EH2G_test2_A",
   "records": [
    "1.2.3.4"
   ],
   "ttl": 300,
   "type": "A",
   "zone_id": "Z1035360GLIB82T1EH2G"
  }
 },
 {
  "Id": "Z1035360GLIB82T1EH2G_test3_A",
  "Type": "aws_route53_record",
  "Attrs": {
   "fqdn": "test3.foo-0.com",
   "id": "Z1035360GLIB82T1EH2G_test3_A",
   "records": [
    "1.2.3.4"
   ],
   "ttl": 300,
   "type": "A",
   "zone_id": "Z1035360GLIB82T1EH2G"
  }
 },
 {
  "Id": "Z10347383HV75H96J919W_test0_A",
  "Type": "aws_route53_record",
  "Attrs": {
   "fqdn": "test0.foo-1.com",
   "id": "Z10347383HV75H96J919W_test0_A",
   "records": [
    "1.2.3.4"
   ],
   "ttl": 300,
   "type": "A",
   "zone_id": "Z10347383HV75H96J919W"
  }
 },
 {
  "Id": "Z10347383HV75H96J919W_test1_A",
  "Type": "aws_route53_record",
  "Attrs": {
   "fqdn": "test1.foo-1.com",
   "id": "Z10347383HV75H96J919W_test1_A",
   "records": [
    "1.2.3.4"
   ],
   "ttl": 300,
   "type": "A",
   "zone_id": "Z10347383HV75H96J919W"
  }
 },
 {
  "Id": "Z10347383HV75H96J919W_test2_A",
  "Type": "aws_route53_record",
  "Attrs": {
   "fqdn": "test2.foo-1.com",
   "id": "Z10347383HV75H96J919W_test2_A",
   "records": [
    "1.2.3.4"
   ],
   "ttl": 300,
   "type": "A",
   "zone_id": "Z10347383HV75H96J919W"
  }
 },
 {
  "Id": "Z10347383HV75H96J919W_test3_A",
  "Type": "aws_route53_record",
  "Attrs": {
   "fqdn": "test3.foo-1.com",
   "id": "Z10347383HV75H96J919W_test3_A",
   "records": [
    "1.2.3.4"
   ],
   "ttl": 300,
   "type": "A",
   "zone_id": "Z10347383HV75H96J919W"
  }
 }
]