[
 {
  "Id": "Z09368953G729AFEX5048",
  "Type": "aws_route53_zone",
  "Attrs": {
   "comment": "Managed by Terraform",
   "delegation_set_id": "",
   "id": "Z09368953G729AFEX5048",
   "name": "elie.ski",
   "name_servers": [
    "ns-1504.awsdns-60.org",
    "ns-180.awsdns-22.com",
    "ns-1890.awsdns-44.co.uk",
    "ns-759.awsdns-30.net"
   ],
   "zone_id": "Z09368953G729AFEX5048"
  }
 },
 {
  "Id": "Z09368953G729AFEX5048_elie.ski_NS",
  "Type": "aws_route53_record",
  "Attrs": {
   "fqdn": "elie.ski",
   "id": "Z09368953G729AFEX5048_elie.ski_NS",
   "records": [
    "ns-1295.awsdns-33.org.",
    "ns-1843.awsdns-38.co.uk.",
    "ns-228.awsdns-28.demo.",
    "ns-873.awsdns-45.net."
   ],
   "ttl": 172800,
   "type": "NS",
   "zone_id": "Z09368953G729AFEX5048"
  }
 },
 {
  "Id": "Z09368953G729AFEX5048_test_A",
  "Type": "aws_route53_record",
  "Attrs": {
   "fqdn": "test.elie.ski",
   "id": "Z09368953G729AFEX5048_test_A",
   "records": [
    "1.2.3.4"
   ],
   "ttl": 300,
   "type": "A",
   "zone_id": "Z09368953G729AFEX5048"
  }
 }
]