[
 {
  "Id": "loadbalancer2:test2",
  "Type": "aws_iam_user_policy",
  "Attrs": {
   "id": "loadbalancer2:test2",
   "name": "test2",
   "policy": "{\n  \"Version\": \"2012-10-17\",\n  \"Statement\": [\n    {\n      \"Action\": [\n        \"ec2:Describe*\"\n      ],\n      \"Effect\": \"Allow\",\n      \"Resource\": \"*\"\n    }\n  ]\n}\n",
   "user": "loadbalancer2"
  }
 },
 {
  "Id": "loadbalancer2:test24",
  "Type": "aws_iam_user_policy",
  "Attrs": {
   "id": "loadbalancer2:test24",
   "name": "test24",
   "policy": "{\n  \"Version\": \"2012-10-17\",\n  \"Statement\": [\n    {\n      \"Action\": [\n        \"ec2:Describe*\"\n      ],\n      \"Effect\": \"Allow\",\n      \"Resource\": \"*\"\n    }\n  ]\n}\n",
   "user": "loadbalancer2"
  }
 },
 {
  "Id": "loadbalancer3:test3",
  "Type": "aws_iam_user_policy",
  "Attrs": {
   "id": "loadbalancer3:test3",
   "name": "test3",
   "policy": "{\n  \"Version\": \"2012-10-17\",\n  \"Statement\": [\n    {\n      \"Action\": [\n        \"ec2:Describe*\"\n      ],\n      \"Effect\": \"Allow\",\n      \"Resource\": \"*\"\n    }\n  ]\n}\n",
   "user": "loadbalancer3"
  }
 },
 {
  "Id": "loadbalancer3:test33",
  "Type": "aws_iam_user_policy",
  "Attrs": {
   "id": "loadbalancer3:test33",
   "name": "test33",
   "policy": "{\n  \"Version\": \"2012-10-17\",\n  \"Statement\": [\n    {\n      \"Action\": [\n        \"ec2:Describe*\"\n      ],\n      \"Effect\": \"Allow\",\n      \"Resource\": \"*\"\n    }\n  ]\n}\n",
   "user": "loadbalancer3"
  }
 },
 {
  "Id": "loadbalancer3:test34",
  "Type": "aws_iam_user_policy",
  "Attrs": {
   "id": "loadbalancer3:test34",
   "name": "test34",
   "policy": "{\n  \"Version\": \"2012-10-17\",\n  \"Statement\": [\n    {\n      \"Action\": [\n        \"ec2:Describe*\"\n      ],\n      \"Effect\": \"Allow\",\n      \"Resource\": \"*\"\n    }\n  ]\n}\n",
   "user": "loadbalancer3"
  }
 },
 {
  "Id": "loadbalancer:test3",
  "Type": "aws_iam_user_policy",
  "Attrs": {
   "id": "loadbalancer:test3",
   "name": "test3",
   "policy": "{\n  \"Version\": \"2012-10-17\",\n  \"Statement\": [\n    {\n      \"Action\": [\n        \"ec2:Describe*\"\n      ],\n      \"Effect\": \"Allow\",\n      \"Resource\": \"*\"\n    }\n  ]\n}\n",
   "user": "loadbalancer"
  }
 },
 {
  "Id": "loadbalancer:test4",
  "Type": "aws_iam_user_policy",
  "Attrs": {
   "id": "loadbalancer:test4",
   "name": "test4",
   "policy": "{\n  \"Version\": \"2012-10-17\",\n  \"Statement\": [\n    {\n      \"Action\": [\n        \"ec2:Describe*\"\n      ],\n      \"Effect\": \"Allow\",\n      \"Resource\": \"*\"\n    }\n  ]\n}\n",
   "user": "loadbalancer"
  }
 },
 {
  "Id": "loadbalancer2:test22",
  "Type": "aws_iam_user_policy",
  "Attrs": {
   "id": "loadbalancer2:test22",
   "name": "test22",
   "policy": "{\n  \"Version\": \"2012-10-17\",\n  \"Statement\": [\n    {\n      \"Action\": [\n        \"ec2:Describe*\"\n      ],\n      \"Effect\": \"Allow\",\n      \"Resource\": \"*\"\n    }\n  ]\n}\n",
   "user": "loadbalancer2"
  }
 },
 {
  "Id": "loadbalancer2:test23",
  "Type": "aws_iam_user_policy",
  "Attrs": {
   "id": "loadbalancer2:test23",
   "name": "test23",
   "policy": "{\n  \"Version\": \"2012-10-17\",\n  \"Statement\": [\n    {\n      \"Action\": [\n        \"ec2:Describe*\"\n      ],\n      \"Effect\": \"Allow\",\n      \"Resource\": \"*\"\n    }\n  ]\n}\n",
   "user": "loadbalancer2"
  }
 },
 {
  "Id": "loadbalancer3:test32",
  "Type": "aws_iam_user_policy",
  "Attrs": {
   "id": "loadbalancer3:test32",
   "name": "test32",
   "policy": "{\n  \"Version\": \"2012-10-17\",\n  \"Statement\": [\n    {\n      \"Action\": [\n        \"ec2:Describe*\"\n      ],\n      \"Effect\": \"Allow\",\n      \"Resource\": \"*\"\n    }\n  ]\n}\n",
   "user": "loadbalancer3"
  }
 },
 {
  "Id": "loadbalancer:test",
  "Type": "aws_iam_user_policy",
  "Attrs": {
   "id": "loadbalancer:test",
   "name": "test",
   "policy": "{\n  \"Version\": \"2012-10-17\",\n  \"Statement\": [\n    {\n      \"Action\": [\n        \"ec2:Describe*\"\n      ],\n      \"Effect\": \"Allow\",\n      \"Resource\": \"*\"\n    }\n  ]\n}\n",
   "user": "loadbalancer"
  }
 },
 {
  "Id": "loadbalancer:test2",
  "Type": "aws_iam_user_policy",
  "Attrs": {
   "id": "loadbalancer:test2",
   "name": "test2",
   "policy": "{\n  \"Version\": \"2012-10-17\",\n  \"Statement\": [\n    {\n      \"Action\": [\n        \"ec2:Describe*\"\n      ],\n      \"Effect\": \"Allow\",\n      \"Resource\": \"*\"\n    }\n  ]\n}\n",
   "user": "loadbalancer"
  }
 }
]