[
 {
  "Id": "snap-071ccff0167f3e841",
  "Type": "aws_ebs_snapshot",
  "Attrs": {
   "arn": "arn:aws:ec2:eu-west-3::snapshot/snap-071ccff0167f3e841",
   "data_encryption_key_id": "",
   "description": "",
   "encrypted": false,
   "id": "snap-071ccff0167f3e841",
   "kms_key_id": "",
   "owner_alias": "",
   "owner_id": "047081014315",
   "tags": {
    "Name": "HelloWorld_snap"
   },
   "volume_id": "vol-01ddc91d3d9d1318b",
   "volume_size": 10
  }
 }
]