[
 {
  "Id": "Z1035360GLIB82T1EH2G_foo-0.com_NS",
  "Type": "aws_route53_record",
  "Attrs": {
   "fqdn": "foo-0.com",
   "id": "Z1035360GLIB82T1EH2G_foo-0.com_NS",
   "ttl": 172800,
   "type": "NS",
   "zone_id": "Z1035360GLIB82T1EH2G"
  }
 }
]