[
 {
  "Id": "i-0d3650a23f4e45dc0",
  "Type": "aws_instance",
  "Attrs": {
   "ami": "ami-0697b068b80d79421",
   "arn": "arn:aws:ec2:eu-west-3:047081014315:instance/i-0d3650a23f4e45dc0",
   "associate_public_ip_address": true,
   "availability_zone": "eu-west-3b",
   "cpu_core_count": 1,
   "cpu_threads_per_core": 2,
   "credit_specification": [
    {
     "cpu_credits": "unlimited"
    }
   ],
   "disable_api_termination": false,
   "ebs_optimized": false,
   "get_password_data": false,
   "hibernation": false,
   "iam_instance_profile": "",
   "id": "i-0d3650a23f4e45dc0",
   "instance_state": "running",
   "instance_type": "t3.nano",
   "ipv6_address_count": 0,
   "key_name": "",
   "metadata_options": [
    {
     "http_endpoint": "enabled",
     "http_put_response_hop_limit": 1,
     "http_tokens": "optional"
    }
   ],
   "monitoring": false,
   "outpost_arn": "",
   "password_data": "",
   "placement_group": "",
   "primary_network_interface_id": "eni-0f35ce5577bbab251",
   "private_dns": "ip-172-31-22-12.eu-west-3.compute.internal",
   "private_ip": "172.31.22.12",
   "public_dns": "ec2-35-180-126-180.eu-west-3.compute.amazonaws.com",
   "public_ip": "35.180.126.180",
   "root_block_device": [
    {
     "delete_on_termination": true,
     "device_name": "/dev/xvda",
     "encrypted": false,
     "iops": 100,
     "kms_key_id": "",
     "volume_id": "vol-081c7272a57a09db1",
     "volume_size": 8,
     "volume_type": "gp2"
    }
   ],
   "security_groups": [
    "default"
   ],
   "source_dest_check": true,
   "subnet_id": "subnet-fdfdda86",
   "tenancy": "default",
   "vpc_security_group_ids": [
    "sg-9e0204ff"
   ]
  }
 }
]