[
 {
  "Id": "test",
  "Type": "aws_key_pair",
  "Attrs": {
   "arn": "arn:aws:ec2:eu-west-3:047081014315:key-pair/test",
   "fingerprint": "b1:fb:1c:2a:f1:f9:7e:98:44:5f:0c:57:5a:47:31:af:77:a5:f2:ba",
   "id": "test",
   "key_name": "test",
   "key_pair_id": "key-05080f65a4735790b",
   "tags": {
    "test": "lol2"
   }
  }
 }
]