[
 {
  "Id": "vol-01ddc91d3d9d1318b",
  "Type": "aws_ebs_volume",
  "Attrs": {
   "availability_zone": "eu-west-3a",
   "encrypted": false,
   "id": "vol-01ddc91d3d9d1318b",
   "iops": 100,
   "kms_key_id": "",
   "multi_attach_enabled": false,
   "size": 8,
   "tags": {
    "Name": "HelloWorld"
   },
   "type": "gp2"
  }
 }
]